<?xml version="1.0" encoding="UTF-8"?>
<testsuites>
  <testsuite name="/var/www/html/phpunit.xml" tests="2" assertions="2" errors="0" failures="1" skipped="0" time="14.166562">
    <testsuite name="Feature" tests="2" assertions="2" errors="0" failures="1" skipped="0" time="14.166562">
      <testsuite name="Tests\Feature\AuditLogTest" file="/var/www/html/tests/Feature/AuditLogTest.php" tests="1" assertions="1" errors="0" failures="1" skipped="0" time="13.397191">
        <testcase name="test_audit_log_created_when_task_status_changes" file="/var/www/html/tests/Feature/AuditLogTest.php" line="17" class="Tests\Feature\AuditLogTest" classname="Tests.Feature.AuditLogTest" assertions="1" time="13.397191">
          <failure type="PHPUnit\Framework\ExpectationFailedException">Tests\Feature\AuditLogTest::test_audit_log_created_when_task_status_changes
Failed asserting that a row in the table [audit_logs] matches the attributes {
    "entity_type": "task",
    "entity_id": 1,
    "action": "status_changed"
}.

Found similar results: [
    {
        "entity_type": "task",
        "entity_id": 1,
        "action": "created"
    }
].

/var/www/html/vendor/laravel/framework/src/Illuminate/Foundation/Testing/Concerns/InteractsWithDatabase.php:43
/var/www/html/tests/Feature/AuditLogTest.php:27</failure>
        </testcase>
      </testsuite>
      <testsuite name="Tests\Feature\Feature\AuditLogTest" file="/var/www/html/tests/Feature/Feature/AuditLogTest.php" tests="1" assertions="1" errors="0" failures="0" skipped="0" time="0.769372">
        <testcase name="test_example" file="/var/www/html/tests/Feature/Feature/AuditLogTest.php" line="14" class="Tests\Feature\Feature\AuditLogTest" classname="Tests.Feature.Feature.AuditLogTest" assertions="1" time="0.769372"/>
      </testsuite>
    </testsuite>
  </testsuite>
</testsuites>
